Traceback (most recent call last):
  File "C:\Users\Administrator\OneDrive\Documents\GitHub\DO_bot\app.py", line 344, in <module>
    print(f"\U0001f680 Starting Meta WhatsApp Bot server...")
    ~~~~~^^^^^^^^^^^^^^^^^^^^^^^^^^^^^^^^^^^^^^^^^^^^
  File "C:\Users\Administrator\AppData\Local\Python\pythoncore-3.14-64\Lib\encodings\cp1252.py", line 19, in encode
    return codecs.charmap_encode(input,self.errors,encoding_table)[0]
           ~~~~~~~~~~~~~~~~~~~~~^^^^^^^^^^^^^^^^^^^^^^^^^^^^^^^^^^
UnicodeEncodeError: 'charmap' codec can't encode character '\U0001f680' in position 0: character maps to <undefined>
Traceback (most recent call last):
  File "C:\Users\Administrator\OneDrive\Documents\GitHub\DO_bot\app.py", line 344, in <module>
    print(f"\U0001f680 Starting Meta WhatsApp Bot server...")
    ~~~~~^^^^^^^^^^^^^^^^^^^^^^^^^^^^^^^^^^^^^^^^^^^^
  File "C:\Users\Administrator\AppData\Local\Python\pythoncore-3.14-64\Lib\encodings\cp1252.py", line 19, in encode
    return codecs.charmap_encode(input,self.errors,encoding_table)[0]
           ~~~~~~~~~~~~~~~~~~~~~^^^^^^^^^^^^^^^^^^^^^^^^^^^^^^^^^^
UnicodeEncodeError: 'charmap' codec can't encode character '\U0001f680' in position 0: character maps to <undefined>
Traceback (most recent call last):
  File "C:\Users\Administrator\OneDrive\Documents\GitHub\DO_bot\app.py", line 344, in <module>
    print(f"\U0001f680 Starting Meta WhatsApp Bot server...")
    ~~~~~^^^^^^^^^^^^^^^^^^^^^^^^^^^^^^^^^^^^^^^^^^^^
  File "C:\Users\Administrator\AppData\Local\Python\pythoncore-3.14-64\Lib\encodings\cp1252.py", line 19, in encode
    return codecs.charmap_encode(input,self.errors,encoding_table)[0]
           ~~~~~~~~~~~~~~~~~~~~~^^^^^^^^^^^^^^^^^^^^^^^^^^^^^^^^^^
UnicodeEncodeError: 'charmap' codec can't encode character '\U0001f680' in position 0: character maps to <undefined>
Traceback (most recent call last):
  File "C:\Users\Administrator\OneDrive\Documents\GitHub\DO_bot\app.py", line 344, in <module>
    print(f"\U0001f680 Starting Meta WhatsApp Bot server...")
    ~~~~~^^^^^^^^^^^^^^^^^^^^^^^^^^^^^^^^^^^^^^^^^^^^
  File "C:\Users\Administrator\AppData\Local\Python\pythoncore-3.14-64\Lib\encodings\cp1252.py", line 19, in encode
    return codecs.charmap_encode(input,self.errors,encoding_table)[0]
           ~~~~~~~~~~~~~~~~~~~~~^^^^^^^^^^^^^^^^^^^^^^^^^^^^^^^^^^
UnicodeEncodeError: 'charmap' codec can't encode character '\U0001f680' in position 0: character maps to <undefined>
Traceback (most recent call last):
  File "C:\Users\Administrator\OneDrive\Documents\GitHub\DO_bot\app.py", line 344, in <module>
    print(f"\U0001f680 Starting Meta WhatsApp Bot server...")
    ~~~~~^^^^^^^^^^^^^^^^^^^^^^^^^^^^^^^^^^^^^^^^^^^^
  File "C:\Users\Administrator\AppData\Local\Python\pythoncore-3.14-64\Lib\encodings\cp1252.py", line 19, in encode
    return codecs.charmap_encode(input,self.errors,encoding_table)[0]
           ~~~~~~~~~~~~~~~~~~~~~^^^^^^^^^^^^^^^^^^^^^^^^^^^^^^^^^^
UnicodeEncodeError: 'charmap' codec can't encode character '\U0001f680' in position 0: character maps to <undefined>
Traceback (most recent call last):
  File "C:\Users\Administrator\OneDrive\Documents\GitHub\DO_bot\app.py", line 344, in <module>
    print(f"\U0001f680 Starting Meta WhatsApp Bot server...")
    ~~~~~^^^^^^^^^^^^^^^^^^^^^^^^^^^^^^^^^^^^^^^^^^^^
  File "C:\Users\Administrator\AppData\Local\Python\pythoncore-3.14-64\Lib\encodings\cp1252.py", line 19, in encode
    return codecs.charmap_encode(input,self.errors,encoding_table)[0]
           ~~~~~~~~~~~~~~~~~~~~~^^^^^^^^^^^^^^^^^^^^^^^^^^^^^^^^^^
UnicodeEncodeError: 'charmap' codec can't encode character '\U0001f680' in position 0: character maps to <undefined>
Traceback (most recent call last):
  File "C:\Users\Administrator\OneDrive\Documents\GitHub\DO_bot\app.py", line 344, in <module>
    print(f"\U0001f680 Starting Meta WhatsApp Bot server...")
    ~~~~~^^^^^^^^^^^^^^^^^^^^^^^^^^^^^^^^^^^^^^^^^^^^
  File "C:\Users\Administrator\AppData\Local\Python\pythoncore-3.14-64\Lib\encodings\cp1252.py", line 19, in encode
    return codecs.charmap_encode(input,self.errors,encoding_table)[0]
           ~~~~~~~~~~~~~~~~~~~~~^^^^^^^^^^^^^^^^^^^^^^^^^^^^^^^^^^
UnicodeEncodeError: 'charmap' codec can't encode character '\U0001f680' in position 0: character maps to <undefined>
Traceback (most recent call last):
  File "C:\Users\Administrator\OneDrive\Documents\GitHub\DO_bot\app.py", line 344, in <module>
    print(f"\U0001f680 Starting Meta WhatsApp Bot server...")
    ~~~~~^^^^^^^^^^^^^^^^^^^^^^^^^^^^^^^^^^^^^^^^^^^^
  File "C:\Users\Administrator\AppData\Local\Python\pythoncore-3.14-64\Lib\encodings\cp1252.py", line 19, in encode
    return codecs.charmap_encode(input,self.errors,encoding_table)[0]
           ~~~~~~~~~~~~~~~~~~~~~^^^^^^^^^^^^^^^^^^^^^^^^^^^^^^^^^^
UnicodeEncodeError: 'charmap' codec can't encode character '\U0001f680' in position 0: character maps to <undefined>
Traceback (most recent call last):
  File "C:\Users\Administrator\OneDrive\Documents\GitHub\DO_bot\app.py", line 344, in <module>
    print(f"\U0001f680 Starting Meta WhatsApp Bot server...")
    ~~~~~^^^^^^^^^^^^^^^^^^^^^^^^^^^^^^^^^^^^^^^^^^^^
  File "C:\Users\Administrator\AppData\Local\Python\pythoncore-3.14-64\Lib\encodings\cp1252.py", line 19, in encode
    return codecs.charmap_encode(input,self.errors,encoding_table)[0]
           ~~~~~~~~~~~~~~~~~~~~~^^^^^^^^^^^^^^^^^^^^^^^^^^^^^^^^^^
UnicodeEncodeError: 'charmap' codec can't encode character '\U0001f680' in position 0: character maps to <undefined>
Traceback (most recent call last):
  File "C:\Users\Administrator\OneDrive\Documents\GitHub\DO_bot\app.py", line 344, in <module>
    print(f"\U0001f680 Starting Meta WhatsApp Bot server...")
    ~~~~~^^^^^^^^^^^^^^^^^^^^^^^^^^^^^^^^^^^^^^^^^^^^
  File "C:\Users\Administrator\AppData\Local\Python\pythoncore-3.14-64\Lib\encodings\cp1252.py", line 19, in encode
    return codecs.charmap_encode(input,self.errors,encoding_table)[0]
           ~~~~~~~~~~~~~~~~~~~~~^^^^^^^^^^^^^^^^^^^^^^^^^^^^^^^^^^
UnicodeEncodeError: 'charmap' codec can't encode character '\U0001f680' in position 0: character maps to <undefined>
Traceback (most recent call last):
  File "C:\Users\Administrator\OneDrive\Documents\GitHub\DO_bot\app.py", line 344, in <module>
    print(f"\U0001f680 Starting Meta WhatsApp Bot server...")
    ~~~~~^^^^^^^^^^^^^^^^^^^^^^^^^^^^^^^^^^^^^^^^^^^^
  File "C:\Users\Administrator\AppData\Local\Python\pythoncore-3.14-64\Lib\encodings\cp1252.py", line 19, in encode
    return codecs.charmap_encode(input,self.errors,encoding_table)[0]
           ~~~~~~~~~~~~~~~~~~~~~^^^^^^^^^^^^^^^^^^^^^^^^^^^^^^^^^^
UnicodeEncodeError: 'charmap' codec can't encode character '\U0001f680' in position 0: character maps to <undefined>
Traceback (most recent call last):
  File "C:\Users\Administrator\OneDrive\Documents\GitHub\DO_bot\app.py", line 344, in <module>
    print(f"\U0001f680 Starting Meta WhatsApp Bot server...")
    ~~~~~^^^^^^^^^^^^^^^^^^^^^^^^^^^^^^^^^^^^^^^^^^^^
  File "C:\Users\Administrator\AppData\Local\Python\pythoncore-3.14-64\Lib\encodings\cp1252.py", line 19, in encode
    return codecs.charmap_encode(input,self.errors,encoding_table)[0]
           ~~~~~~~~~~~~~~~~~~~~~^^^^^^^^^^^^^^^^^^^^^^^^^^^^^^^^^^
UnicodeEncodeError: 'charmap' codec can't encode character '\U0001f680' in position 0: character maps to <undefined>
Traceback (most recent call last):
  File "C:\Users\Administrator\OneDrive\Documents\GitHub\DO_bot\app.py", line 344, in <module>
    print(f"\U0001f680 Starting Meta WhatsApp Bot server...")
    ~~~~~^^^^^^^^^^^^^^^^^^^^^^^^^^^^^^^^^^^^^^^^^^^^
  File "C:\Users\Administrator\AppData\Local\Python\pythoncore-3.14-64\Lib\encodings\cp1252.py", line 19, in encode
    return codecs.charmap_encode(input,self.errors,encoding_table)[0]
           ~~~~~~~~~~~~~~~~~~~~~^^^^^^^^^^^^^^^^^^^^^^^^^^^^^^^^^^
UnicodeEncodeError: 'charmap' codec can't encode character '\U0001f680' in position 0: character maps to <undefined>
Traceback (most recent call last):
  File "C:\Users\Administrator\OneDrive\Documents\GitHub\DO_bot\app.py", line 344, in <module>
    print(f"\U0001f680 Starting Meta WhatsApp Bot server...")
    ~~~~~^^^^^^^^^^^^^^^^^^^^^^^^^^^^^^^^^^^^^^^^^^^^
  File "C:\Users\Administrator\AppData\Local\Python\pythoncore-3.14-64\Lib\encodings\cp1252.py", line 19, in encode
    return codecs.charmap_encode(input,self.errors,encoding_table)[0]
           ~~~~~~~~~~~~~~~~~~~~~^^^^^^^^^^^^^^^^^^^^^^^^^^^^^^^^^^
UnicodeEncodeError: 'charmap' codec can't encode character '\U0001f680' in position 0: character maps to <undefined>
Traceback (most recent call last):
  File "C:\Users\Administrator\OneDrive\Documents\GitHub\DO_bot\app.py", line 344, in <module>
    print(f"\U0001f680 Starting Meta WhatsApp Bot server...")
    ~~~~~^^^^^^^^^^^^^^^^^^^^^^^^^^^^^^^^^^^^^^^^^^^^
  File "C:\Users\Administrator\AppData\Local\Python\pythoncore-3.14-64\Lib\encodings\cp1252.py", line 19, in encode
    return codecs.charmap_encode(input,self.errors,encoding_table)[0]
           ~~~~~~~~~~~~~~~~~~~~~^^^^^^^^^^^^^^^^^^^^^^^^^^^^^^^^^^
UnicodeEncodeError: 'charmap' codec can't encode character '\U0001f680' in position 0: character maps to <undefined>
Traceback (most recent call last):
  File "C:\Users\Administrator\OneDrive\Documents\GitHub\DO_bot\app.py", line 344, in <module>
    print(f"\U0001f680 Starting Meta WhatsApp Bot server...")
    ~~~~~^^^^^^^^^^^^^^^^^^^^^^^^^^^^^^^^^^^^^^^^^^^^
  File "C:\Users\Administrator\AppData\Local\Python\pythoncore-3.14-64\Lib\encodings\cp1252.py", line 19, in encode
    return codecs.charmap_encode(input,self.errors,encoding_table)[0]
           ~~~~~~~~~~~~~~~~~~~~~^^^^^^^^^^^^^^^^^^^^^^^^^^^^^^^^^^
UnicodeEncodeError: 'charmap' codec can't encode character '\U0001f680' in position 0: character maps to <undefined>
Traceback (most recent call last):
  File "C:\Users\Administrator\OneDrive\Documents\GitHub\DO_bot\app.py", line 344, in <module>
    print(f"\U0001f680 Starting Meta WhatsApp Bot server...")
    ~~~~~^^^^^^^^^^^^^^^^^^^^^^^^^^^^^^^^^^^^^^^^^^^^
  File "C:\Users\Administrator\AppData\Local\Python\pythoncore-3.14-64\Lib\encodings\cp1252.py", line 19, in encode
    return codecs.charmap_encode(input,self.errors,encoding_table)[0]
           ~~~~~~~~~~~~~~~~~~~~~^^^^^^^^^^^^^^^^^^^^^^^^^^^^^^^^^^
UnicodeEncodeError: 'charmap' codec can't encode character '\U0001f680' in position 0: character maps to <undefined>
Traceback (most recent call last):
  File "C:\Users\Administrator\OneDrive\Documents\GitHub\DO_bot\app.py", line 344, in <module>
    print(f"\U0001f680 Starting Meta WhatsApp Bot server...")
    ~~~~~^^^^^^^^^^^^^^^^^^^^^^^^^^^^^^^^^^^^^^^^^^^^
  File "C:\Users\Administrator\AppData\Local\Python\pythoncore-3.14-64\Lib\encodings\cp1252.py", line 19, in encode
    return codecs.charmap_encode(input,self.errors,encoding_table)[0]
           ~~~~~~~~~~~~~~~~~~~~~^^^^^^^^^^^^^^^^^^^^^^^^^^^^^^^^^^
UnicodeEncodeError: 'charmap' codec can't encode character '\U0001f680' in position 0: character maps to <undefined>
Traceback (most recent call last):
  File "C:\Users\Administrator\OneDrive\Documents\GitHub\DO_bot\app.py", line 344, in <module>
    print(f"\U0001f680 Starting Meta WhatsApp Bot server...")
    ~~~~~^^^^^^^^^^^^^^^^^^^^^^^^^^^^^^^^^^^^^^^^^^^^
  File "C:\Users\Administrator\AppData\Local\Python\pythoncore-3.14-64\Lib\encodings\cp1252.py", line 19, in encode
    return codecs.charmap_encode(input,self.errors,encoding_table)[0]
           ~~~~~~~~~~~~~~~~~~~~~^^^^^^^^^^^^^^^^^^^^^^^^^^^^^^^^^^
UnicodeEncodeError: 'charmap' codec can't encode character '\U0001f680' in position 0: character maps to <undefined>
Traceback (most recent call last):
  File "C:\Users\Administrator\OneDrive\Documents\GitHub\DO_bot\app.py", line 13, in <module>
    import bot
ModuleNotFoundError: No module named 'bot'
Traceback (most recent call last):
  File "C:\Users\Administrator\OneDrive\Documents\GitHub\DO_bot\app.py", line 13, in <module>
    import bot
ModuleNotFoundError: No module named 'bot'
Traceback (most recent call last):
  File "C:\Users\Administrator\OneDrive\Documents\GitHub\DO_bot\app.py", line 13, in <module>
    import bot
ModuleNotFoundError: No module named 'bot'
Traceback (most recent call last):
  File "C:\Users\Administrator\OneDrive\Documents\GitHub\DO_bot\app.py", line 13, in <module>
    import bot
ModuleNotFoundError: No module named 'bot'
Traceback (most recent call last):
  File "C:\Users\Administrator\OneDrive\Documents\GitHub\DO_bot\app.py", line 13, in <module>
    import bot
ModuleNotFoundError: No module named 'bot'
Traceback (most recent call last):
  File "C:\Users\Administrator\OneDrive\Documents\GitHub\DO_bot\app.py", line 13, in <module>
    import bot
ModuleNotFoundError: No module named 'bot'
Traceback (most recent call last):
  File "C:\Users\Administrator\OneDrive\Documents\GitHub\DO_bot\app.py", line 13, in <module>
    import bot
ModuleNotFoundError: No module named 'bot'
Traceback (most recent call last):
  File "C:\Users\Administrator\OneDrive\Documents\GitHub\DO_bot\app.py", line 13, in <module>
    import bot
ModuleNotFoundError: No module named 'bot'
C:\Users\Administrator\OneDrive\Documents\GitHub\DO_bot\bot.py:1578: UserWarning: Parsing dates in %d-%m-%Y format when dayfirst=False (the default) was specified. Pass `dayfirst=True` or specify a format to silence this warning.
  ts = pd.to_datetime(v, errors="coerce")
C:\Users\Administrator\OneDrive\Documents\GitHub\DO_bot\bot.py:1578: UserWarning: Parsing dates in %d-%m-%Y format when dayfirst=False (the default) was specified. Pass `dayfirst=True` or specify a format to silence this warning.
  ts = pd.to_datetime(v, errors="coerce")
C:\Users\Administrator\OneDrive\Documents\GitHub\DO_bot\bot.py:1578: UserWarning: Parsing dates in %d-%m-%Y format when dayfirst=False (the default) was specified. Pass `dayfirst=True` or specify a format to silence this warning.
  ts = pd.to_datetime(v, errors="coerce")
C:\Users\Administrator\OneDrive\Documents\GitHub\DO_bot\bot.py:1578: UserWarning: Parsing dates in %d-%m-%Y format when dayfirst=False (the default) was specified. Pass `dayfirst=True` or specify a format to silence this warning.
  ts = pd.to_datetime(v, errors="coerce")
ERROR:app:Exception on /webhook [POST]
Traceback (most recent call last):
  File "C:\Users\Administrator\AppData\Local\Python\pythoncore-3.14-64\Lib\site-packages\urllib3\connection.py", line 204, in _new_conn
    sock = connection.create_connection(
        (self._dns_host, self.port),
    ...<2 lines>...
        socket_options=self.socket_options,
    )
  File "C:\Users\Administrator\AppData\Local\Python\pythoncore-3.14-64\Lib\site-packages\urllib3\util\connection.py", line 85, in create_connection
    raise err
  File "C:\Users\Administrator\AppData\Local\Python\pythoncore-3.14-64\Lib\site-packages\urllib3\util\connection.py", line 73, in create_connection
    sock.connect(sa)
    ~~~~~~~~~~~~^^^^
TimeoutError: [WinError 10060] A connection attempt failed because the connected party did not properly respond after a period of time, or established connection failed because connected host has failed to respond

The above exception was the direct cause of the following exception:

Traceback (most recent call last):
  File "C:\Users\Administrator\AppData\Local\Python\pythoncore-3.14-64\Lib\site-packages\urllib3\connectionpool.py", line 787, in urlopen
    response = self._make_request(
        conn,
    ...<10 lines>...
        **response_kw,
    )
  File "C:\Users\Administrator\AppData\Local\Python\pythoncore-3.14-64\Lib\site-packages\urllib3\connectionpool.py", line 488, in _make_request
    raise new_e
  File "C:\Users\Administrator\AppData\Local\Python\pythoncore-3.14-64\Lib\site-packages\urllib3\connectionpool.py", line 464, in _make_request
    self._validate_conn(conn)
    ~~~~~~~~~~~~~~~~~~~^^^^^^
  File "C:\Users\Administrator\AppData\Local\Python\pythoncore-3.14-64\Lib\site-packages\urllib3\connectionpool.py", line 1093, in _validate_conn
    conn.connect()
    ~~~~~~~~~~~~^^
  File "C:\Users\Administrator\AppData\Local\Python\pythoncore-3.14-64\Lib\site-packages\urllib3\connection.py", line 759, in connect
    self.sock = sock = self._new_conn()
                       ~~~~~~~~~~~~~~^^
  File "C:\Users\Administrator\AppData\Local\Python\pythoncore-3.14-64\Lib\site-packages\urllib3\connection.py", line 213, in _new_conn
    raise ConnectTimeoutError(
    ...<2 lines>...
    ) from e
urllib3.exceptions.ConnectTimeoutError: (<HTTPSConnection(host='lookaside.fbsbx.com', port=443) at 0x1728aeb6210>, 'Connection to lookaside.fbsbx.com timed out. (connect timeout=30)')

The above exception was the direct cause of the following exception:

Traceback (most recent call last):
  File "C:\Users\Administrator\AppData\Local\Python\pythoncore-3.14-64\Lib\site-packages\requests\adapters.py", line 645, in send
    resp = conn.urlopen(
        method=request.method,
    ...<9 lines>...
        chunked=chunked,
    )
  File "C:\Users\Administrator\AppData\Local\Python\pythoncore-3.14-64\Lib\site-packages\urllib3\connectionpool.py", line 841, in urlopen
    retries = retries.increment(
        method, url, error=new_e, _pool=self, _stacktrace=sys.exc_info()[2]
    )
  File "C:\Users\Administrator\AppData\Local\Python\pythoncore-3.14-64\Lib\site-packages\urllib3\util\retry.py", line 535, in increment
    raise MaxRetryError(_pool, url, reason) from reason  # type: ignore[arg-type]
    ^^^^^^^^^^^^^^^^^^^^^^^^^^^^^^^^^^^^^^^^^^^^^^^^^^^
urllib3.exceptions.MaxRetryError: HTTPSConnectionPool(host='lookaside.fbsbx.com', port=443): Max retries exceeded with url: /whatsapp_business/attachments/?mid=2963474990514510&source=getMedia&ext=1780477951&hash=ARmvEyPaErFglTmpIo4tU_abJQkTPXTGWXAVWvIKFKquCw (Caused by ConnectTimeoutError(<HTTPSConnection(host='lookaside.fbsbx.com', port=443) at 0x1728aeb6210>, 'Connection to lookaside.fbsbx.com timed out. (connect timeout=30)'))

During handling of the above exception, another exception occurred:

Traceback (most recent call last):
  File "C:\Users\Administrator\AppData\Local\Python\pythoncore-3.14-64\Lib\site-packages\flask\app.py", line 1511, in wsgi_app
    response = self.full_dispatch_request()
  File "C:\Users\Administrator\AppData\Local\Python\pythoncore-3.14-64\Lib\site-packages\flask\app.py", line 919, in full_dispatch_request
    rv = self.handle_user_exception(e)
  File "C:\Users\Administrator\AppData\Local\Python\pythoncore-3.14-64\Lib\site-packages\flask\app.py", line 917, in full_dispatch_request
    rv = self.dispatch_request()
  File "C:\Users\Administrator\AppData\Local\Python\pythoncore-3.14-64\Lib\site-packages\flask\app.py", line 902, in dispatch_request
    return self.ensure_sync(self.view_functions[rule.endpoint])(**view_args)  # type: ignore[no-any-return]
           ~~~~~~~~~~~~~~~~~~~~~~~~~~~~~~~~~~~~~~~~~~~~~~~~~~~~^^^^^^^^^^^^^
  File "C:\Users\Administrator\OneDrive\Documents\GitHub\DO_bot\app.py", line 100, in webhook
    file_bytes = _download_media(media_id)
  File "C:\Users\Administrator\OneDrive\Documents\GitHub\DO_bot\app.py", line 242, in _download_media
    r2 = requests.get(download_url, headers=headers, timeout=30)
  File "C:\Users\Administrator\AppData\Local\Python\pythoncore-3.14-64\Lib\site-packages\requests\api.py", line 73, in get
    return request("get", url, params=params, **kwargs)
  File "C:\Users\Administrator\AppData\Local\Python\pythoncore-3.14-64\Lib\site-packages\requests\api.py", line 59, in request
    return session.request(method=method, url=url, **kwargs)
           ~~~~~~~~~~~~~~~^^^^^^^^^^^^^^^^^^^^^^^^^^^^^^^^^^
  File "C:\Users\Administrator\AppData\Local\Python\pythoncore-3.14-64\Lib\site-packages\requests\sessions.py", line 592, in request
    resp = self.send(prep, **send_kwargs)
  File "C:\Users\Administrator\AppData\Local\Python\pythoncore-3.14-64\Lib\site-packages\requests\sessions.py", line 706, in send
    r = adapter.send(request, **kwargs)
  File "C:\Users\Administrator\AppData\Local\Python\pythoncore-3.14-64\Lib\site-packages\requests\adapters.py", line 666, in send
    raise ConnectTimeout(e, request=request)
requests.exceptions.ConnectTimeout: HTTPSConnectionPool(host='lookaside.fbsbx.com', port=443): Max retries exceeded with url: /whatsapp_business/attachments/?mid=2963474990514510&source=getMedia&ext=1780477951&hash=ARmvEyPaErFglTmpIo4tU_abJQkTPXTGWXAVWvIKFKquCw (Caused by ConnectTimeoutError(<HTTPSConnection(host='lookaside.fbsbx.com', port=443) at 0x1728aeb6210>, 'Connection to lookaside.fbsbx.com timed out. (connect timeout=30)'))
C:\Users\Administrator\OneDrive\Documents\GitHub\DO_bot\bot.py:3991: UserWarning: Parsing dates in %Y-%m-%d format when dayfirst=True was specified. Pass `dayfirst=False` or specify a format to silence this warning.
  _dt = pd.to_datetime(str(delivery_date), dayfirst=True, errors="coerce")
C:\Users\Administrator\OneDrive\Documents\GitHub\DO_bot\bot.py:4003: UserWarning: Parsing dates in %Y-%m-%d format when dayfirst=True was specified. Pass `dayfirst=False` or specify a format to silence this warning.
  _dt = pd.to_datetime(str(delivery_date), dayfirst=True, errors="coerce")
C:\Users\Administrator\OneDrive\Documents\GitHub\DO_bot\bot.py:4005: UserWarning: Parsing dates in %Y-%m-%d format when dayfirst=True was specified. Pass `dayfirst=False` or specify a format to silence this warning.
  _dt = pd.to_datetime(str(delivery_date), dayfirst=True, errors="coerce")
C:\Users\Administrator\OneDrive\Documents\GitHub\DO_bot\bot.py:4005: UserWarning: Parsing dates in %Y-%m-%d format when dayfirst=True was specified. Pass `dayfirst=False` or specify a format to silence this warning.
  _dt = pd.to_datetime(str(delivery_date), dayfirst=True, errors="coerce")
C:\Users\Administrator\OneDrive\Documents\GitHub\DO_bot\bot.py:4005: UserWarning: Parsing dates in %Y-%m-%d format when dayfirst=True was specified. Pass `dayfirst=False` or specify a format to silence this warning.
  _dt = pd.to_datetime(str(delivery_date), dayfirst=True, errors="coerce")
C:\Users\Administrator\OneDrive\Documents\GitHub\DO_bot\bot.py:4024: UserWarning: Parsing dates in %Y-%m-%d format when dayfirst=True was specified. Pass `dayfirst=False` or specify a format to silence this warning.
  _dt = pd.to_datetime(str(delivery_date), dayfirst=True, errors="coerce")
C:\Users\Administrator\OneDrive\Documents\GitHub\DO_bot\bot.py:4053: UserWarning: Parsing dates in %Y-%m-%d format when dayfirst=True was specified. Pass `dayfirst=False` or specify a format to silence this warning.
  _dt = pd.to_datetime(str(delivery_date), dayfirst=True, errors="coerce")
C:\Users\Administrator\OneDrive\Documents\GitHub\DO_bot\bot.py:4067: UserWarning: Parsing dates in %Y-%m-%d format when dayfirst=True was specified. Pass `dayfirst=False` or specify a format to silence this warning.
  _dt = pd.to_datetime(str(delivery_date), dayfirst=True, errors="coerce")
C:\Users\Administrator\OneDrive\Documents\GitHub\DO_bot\bot.py:4076: UserWarning: Parsing dates in %Y-%m-%d format when dayfirst=True was specified. Pass `dayfirst=False` or specify a format to silence this warning.
  _dt = pd.to_datetime(str(delivery_date), dayfirst=True, errors="coerce")
C:\Users\Administrator\OneDrive\Documents\GitHub\DO_bot\bot.py:4076: UserWarning: Parsing dates in %Y-%m-%d format when dayfirst=True was specified. Pass `dayfirst=False` or specify a format to silence this warning.
  _dt = pd.to_datetime(str(delivery_date), dayfirst=True, errors="coerce")
C:\Users\Administrator\OneDrive\Documents\GitHub\DO_bot\bot.py:4076: UserWarning: Parsing dates in %Y-%m-%d format when dayfirst=True was specified. Pass `dayfirst=False` or specify a format to silence this warning.
  _dt = pd.to_datetime(str(delivery_date), dayfirst=True, errors="coerce")
C:\Users\Administrator\OneDrive\Documents\GitHub\DO_bot\bot.py:4076: UserWarning: Parsing dates in %Y-%m-%d format when dayfirst=True was specified. Pass `dayfirst=False` or specify a format to silence this warning.
  _dt = pd.to_datetime(str(delivery_date), dayfirst=True, errors="coerce")
C:\Users\Administrator\OneDrive\Documents\GitHub\DO_bot\bot.py:4091: UserWarning: Parsing dates in %Y-%m-%d format when dayfirst=True was specified. Pass `dayfirst=False` or specify a format to silence this warning.
  _dt = pd.to_datetime(str(delivery_date), dayfirst=True, errors="coerce")
C:\Users\Administrator\OneDrive\Documents\GitHub\DO_bot\bot.py:4152: UserWarning: Parsing dates in %Y-%m-%d format when dayfirst=True was specified. Pass `dayfirst=False` or specify a format to silence this warning.
  _dt = pd.to_datetime(str(delivery_date), dayfirst=True, errors="coerce")
C:\Users\Administrator\OneDrive\Documents\GitHub\DO_bot\bot.py:4175: UserWarning: Parsing dates in %Y-%m-%d format when dayfirst=True was specified. Pass `dayfirst=False` or specify a format to silence this warning.
  _dt = pd.to_datetime(str(delivery_date), dayfirst=True, errors="coerce")
C:\Users\Administrator\OneDrive\Documents\GitHub\DO_bot\bot.py:4276: UserWarning: Parsing dates in %Y-%m-%d format when dayfirst=True was specified. Pass `dayfirst=False` or specify a format to silence this warning.
  _dt = pd.to_datetime(str(delivery_date), dayfirst=True, errors="coerce")
C:\Users\Administrator\OneDrive\Documents\GitHub\DO_bot\bot.py:4291: UserWarning: Parsing dates in %Y-%m-%d format when dayfirst=True was specified. Pass `dayfirst=False` or specify a format to silence this warning.
  _dt = pd.to_datetime(str(delivery_date), dayfirst=True, errors="coerce")
C:\Users\Administrator\OneDrive\Documents\GitHub\DO_bot\bot.py:4297: UserWarning: Parsing dates in %Y-%m-%d format when dayfirst=True was specified. Pass `dayfirst=False` or specify a format to silence this warning.
  _dt = pd.to_datetime(str(delivery_date), dayfirst=True, errors="coerce")
ERROR:app:Exception on /webhook [POST]
Traceback (most recent call last):
  File "C:\Users\Administrator\AppData\Local\Python\pythoncore-3.14-64\Lib\site-packages\urllib3\connection.py", line 204, in _new_conn
    sock = connection.create_connection(
        (self._dns_host, self.port),
    ...<2 lines>...
        socket_options=self.socket_options,
    )
  File "C:\Users\Administrator\AppData\Local\Python\pythoncore-3.14-64\Lib\site-packages\urllib3\util\connection.py", line 85, in create_connection
    raise err
  File "C:\Users\Administrator\AppData\Local\Python\pythoncore-3.14-64\Lib\site-packages\urllib3\util\connection.py", line 73, in create_connection
    sock.connect(sa)
    ~~~~~~~~~~~~^^^^
TimeoutError: timed out

The above exception was the direct cause of the following exception:

Traceback (most recent call last):
  File "C:\Users\Administrator\AppData\Local\Python\pythoncore-3.14-64\Lib\site-packages\urllib3\connectionpool.py", line 787, in urlopen
    response = self._make_request(
        conn,
    ...<10 lines>...
        **response_kw,
    )
  File "C:\Users\Administrator\AppData\Local\Python\pythoncore-3.14-64\Lib\site-packages\urllib3\connectionpool.py", line 488, in _make_request
    raise new_e
  File "C:\Users\Administrator\AppData\Local\Python\pythoncore-3.14-64\Lib\site-packages\urllib3\connectionpool.py", line 464, in _make_request
    self._validate_conn(conn)
    ~~~~~~~~~~~~~~~~~~~^^^^^^
  File "C:\Users\Administrator\AppData\Local\Python\pythoncore-3.14-64\Lib\site-packages\urllib3\connectionpool.py", line 1093, in _validate_conn
    conn.connect()
    ~~~~~~~~~~~~^^
  File "C:\Users\Administrator\AppData\Local\Python\pythoncore-3.14-64\Lib\site-packages\urllib3\connection.py", line 759, in connect
    self.sock = sock = self._new_conn()
                       ~~~~~~~~~~~~~~^^
  File "C:\Users\Administrator\AppData\Local\Python\pythoncore-3.14-64\Lib\site-packages\urllib3\connection.py", line 213, in _new_conn
    raise ConnectTimeoutError(
    ...<2 lines>...
    ) from e
urllib3.exceptions.ConnectTimeoutError: (<HTTPSConnection(host='graph.facebook.com', port=443) at 0x196fa8f9090>, 'Connection to graph.facebook.com timed out. (connect timeout=10)')

The above exception was the direct cause of the following exception:

Traceback (most recent call last):
  File "C:\Users\Administrator\AppData\Local\Python\pythoncore-3.14-64\Lib\site-packages\requests\adapters.py", line 645, in send
    resp = conn.urlopen(
        method=request.method,
    ...<9 lines>...
        chunked=chunked,
    )
  File "C:\Users\Administrator\AppData\Local\Python\pythoncore-3.14-64\Lib\site-packages\urllib3\connectionpool.py", line 841, in urlopen
    retries = retries.increment(
        method, url, error=new_e, _pool=self, _stacktrace=sys.exc_info()[2]
    )
  File "C:\Users\Administrator\AppData\Local\Python\pythoncore-3.14-64\Lib\site-packages\urllib3\util\retry.py", line 535, in increment
    raise MaxRetryError(_pool, url, reason) from reason  # type: ignore[arg-type]
    ^^^^^^^^^^^^^^^^^^^^^^^^^^^^^^^^^^^^^^^^^^^^^^^^^^^
urllib3.exceptions.MaxRetryError: HTTPSConnectionPool(host='graph.facebook.com', port=443): Max retries exceeded with url: /v19.0/1712249273147205 (Caused by ConnectTimeoutError(<HTTPSConnection(host='graph.facebook.com', port=443) at 0x196fa8f9090>, 'Connection to graph.facebook.com timed out. (connect timeout=10)'))

During handling of the above exception, another exception occurred:

Traceback (most recent call last):
  File "C:\Users\Administrator\AppData\Local\Python\pythoncore-3.14-64\Lib\site-packages\flask\app.py", line 1511, in wsgi_app
    response = self.full_dispatch_request()
  File "C:\Users\Administrator\AppData\Local\Python\pythoncore-3.14-64\Lib\site-packages\flask\app.py", line 919, in full_dispatch_request
    rv = self.handle_user_exception(e)
  File "C:\Users\Administrator\AppData\Local\Python\pythoncore-3.14-64\Lib\site-packages\flask\app.py", line 917, in full_dispatch_request
    rv = self.dispatch_request()
  File "C:\Users\Administrator\AppData\Local\Python\pythoncore-3.14-64\Lib\site-packages\flask\app.py", line 902, in dispatch_request
    return self.ensure_sync(self.view_functions[rule.endpoint])(**view_args)  # type: ignore[no-any-return]
           ~~~~~~~~~~~~~~~~~~~~~~~~~~~~~~~~~~~~~~~~~~~~~~~~~~~~^^^^^^^^^^^^^
  File "C:\Users\Administrator\OneDrive\Documents\GitHub\DO_bot\app.py", line 100, in webhook
    file_bytes = _download_media(media_id)
  File "C:\Users\Administrator\OneDrive\Documents\GitHub\DO_bot\app.py", line 235, in _download_media
    r = requests.get(url, headers=headers, timeout=10)
  File "C:\Users\Administrator\AppData\Local\Python\pythoncore-3.14-64\Lib\site-packages\requests\api.py", line 73, in get
    return request("get", url, params=params, **kwargs)
  File "C:\Users\Administrator\AppData\Local\Python\pythoncore-3.14-64\Lib\site-packages\requests\api.py", line 59, in request
    return session.request(method=method, url=url, **kwargs)
           ~~~~~~~~~~~~~~~^^^^^^^^^^^^^^^^^^^^^^^^^^^^^^^^^^
  File "C:\Users\Administrator\AppData\Local\Python\pythoncore-3.14-64\Lib\site-packages\requests\sessions.py", line 592, in request
    resp = self.send(prep, **send_kwargs)
  File "C:\Users\Administrator\AppData\Local\Python\pythoncore-3.14-64\Lib\site-packages\requests\sessions.py", line 706, in send
    r = adapter.send(request, **kwargs)
  File "C:\Users\Administrator\AppData\Local\Python\pythoncore-3.14-64\Lib\site-packages\requests\adapters.py", line 666, in send
    raise ConnectTimeout(e, request=request)
requests.exceptions.ConnectTimeout: HTTPSConnectionPool(host='graph.facebook.com', port=443): Max retries exceeded with url: /v19.0/1712249273147205 (Caused by ConnectTimeoutError(<HTTPSConnection(host='graph.facebook.com', port=443) at 0x196fa8f9090>, 'Connection to graph.facebook.com timed out. (connect timeout=10)'))
C:\Users\Administrator\OneDrive\Documents\GitHub\DO_bot\bot.py:4297: UserWarning: Parsing dates in %Y-%m-%d format when dayfirst=True was specified. Pass `dayfirst=False` or specify a format to silence this warning.
  _dt = pd.to_datetime(str(delivery_date), dayfirst=True, errors="coerce")
C:\Users\Administrator\OneDrive\Documents\GitHub\DO_bot\bot.py:4300: UserWarning: Parsing dates in %Y-%m-%d format when dayfirst=True was specified. Pass `dayfirst=False` or specify a format to silence this warning.
  _dt = pd.to_datetime(str(delivery_date), dayfirst=True, errors="coerce")
